$ 'C:\Users\thres\AppData\Local\Python\pythoncore-3.14-64\python.exe' 'C:\Users\thres\Documents\GitHub\raithreshzz\build_calibration_dataset.py' 'C:\Users\thres\Documents\GitHub\raithreshzz\calibration_batches\autodromo-nazionale-monza--lmp2-elms-d4379744c6\pair_review_queue.json' 'C:\Users\thres\Documents\GitHub\raithreshzz\calibration_batches\autodromo-nazionale-monza--lmp2-elms-d4379744c6\pair_labels.json' --evaluation-fraction 0.25 --seed 20260810 --output 'C:\Users\thres\Documents\GitHub\raithreshzz\calibration_batches\autodromo-nazionale-monza--lmp2-elms-d4379744c6\calibration_dataset.json'

--- STDOUT ---

========================================================================
RACE ENGINEER - CALIBRATION DATASET BUILDER v1.0
========================================================================

{
  "reviewed_usable_pairs": 24,
  "ignored_skip_pairs": 0,
  "usable_sessions": 3,
  "calibration_sessions": 2,
  "evaluation_sessions": 1,
  "calibration_pairs": 5,
  "evaluation_pairs": 0,
  "cross_split_pairs_excluded": 19,
  "calibration_labels": {
    "SAME": 1,
    "DIFFERENT": 4,
    "AMBIGUOUS": 0
  },
  "evaluation_labels": {
    "SAME": 0,
    "DIFFERENT": 0,
    "AMBIGUOUS": 0
  },
  "all_usable_labels": {
    "SAME": 11,
    "DIFFERENT": 12,
    "AMBIGUOUS": 1
  }
}

WARNINGS
- El split dejó evaluación sin pares internos. Esto puede ocurrir con pocos pares/sesiones porque los pares cross-partition se excluyen.

Output: C:\Users\thres\Documents\GitHub\raithreshzz\calibration_batches\autodromo-nazionale-monza--lmp2-elms-d4379744c6\calibration_dataset.json
Session leakage check: PASS
Matcher status: NO THRESHOLDS / NO SCORE / NO AUTOMATIC MATCHING

--- STDERR ---

--- RETURN CODE ---
0
