$ /usr/local/bin/python /workspaces/raithreshzz/session_history.py --db /workspaces/raithreshzz/race_engineer_history.duckdb import-dir /workspaces/raithreshzz/data/calibration_spa_lmp2_elms

--- STDOUT ---

BATCH IMPORT RESULT
{
  "files_discovered": 6,
  "imported": 0,
  "duplicates": 6,
  "skipped_not_analysis": 0,
  "failed": 0,
  "results": [
    {
      "path": "/workspaces/raithreshzz/data/calibration_spa_lmp2_elms/Circuit de Spa-Francorchamps_P_2026-08-09T02_42_26Z.json",
      "status": "SKIPPED_DUPLICATE",
      "session_id": 1
    },
    {
      "path": "/workspaces/raithreshzz/data/calibration_spa_lmp2_elms/Circuit de Spa-Francorchamps_P_2026-08-09T04_35_16Z.json",
      "status": "SKIPPED_DUPLICATE",
      "session_id": 2
    },
    {
      "path": "/workspaces/raithreshzz/data/calibration_spa_lmp2_elms/Circuit de Spa-Francorchamps_P_2026-08-10T00_34_34Z.json",
      "status": "SKIPPED_DUPLICATE",
      "session_id": 3
    },
    {
      "path": "/workspaces/raithreshzz/data/calibration_spa_lmp2_elms/Circuit de Spa-Francorchamps_Q_2026-08-09T04_52_43Z.json",
      "status": "SKIPPED_DUPLICATE",
      "session_id": 4
    },
    {
      "path": "/workspaces/raithreshzz/data/calibration_spa_lmp2_elms/Circuit de Spa-Francorchamps_Q_2026-08-10T00_53_48Z.json",
      "status": "SKIPPED_DUPLICATE",
      "session_id": 5
    },
    {
      "path": "/workspaces/raithreshzz/data/calibration_spa_lmp2_elms/Circuit de Spa-Francorchamps_R_2026-08-10T01_03_52Z.json",
      "status": "SKIPPED_DUPLICATE",
      "session_id": 6
    }
  ]
}

--- STDERR ---

--- RETURN CODE ---
0
