$ 'C:\Users\thres\Documents\GitHub\raithreshzz\.venv\Scripts\python.exe' 'C:\Users\thres\Documents\GitHub\raithreshzz\build_calibration_dataset.py' 'C:\Users\thres\Documents\GitHub\raithreshzz\calibration_batches\aut-dromo-jos-carlos-pace--lmp2-elms-40c70a4dd3\pair_review_queue.json' 'C:\Users\thres\Documents\GitHub\raithreshzz\calibration_batches\aut-dromo-jos-carlos-pace--lmp2-elms-40c70a4dd3\pair_labels.json' --evaluation-fraction 0.25 --seed 20260810 --output 'C:\Users\thres\Documents\GitHub\raithreshzz\calibration_batches\aut-dromo-jos-carlos-pace--lmp2-elms-40c70a4dd3\calibration_dataset.json'

--- STDOUT ---

========================================================================
RACE ENGINEER - CALIBRATION DATASET BUILDER v1.0
========================================================================

{
  "reviewed_usable_pairs": 24,
  "ignored_skip_pairs": 0,
  "usable_sessions": 7,
  "calibration_sessions": 5,
  "evaluation_sessions": 2,
  "calibration_pairs": 4,
  "evaluation_pairs": 5,
  "cross_split_pairs_excluded": 15,
  "calibration_labels": {
    "SAME": 1,
    "DIFFERENT": 2,
    "AMBIGUOUS": 1
  },
  "evaluation_labels": {
    "SAME": 3,
    "DIFFERENT": 2,
    "AMBIGUOUS": 0
  },
  "all_usable_labels": {
    "SAME": 10,
    "DIFFERENT": 10,
    "AMBIGUOUS": 4
  }
}

Output: C:\Users\thres\Documents\GitHub\raithreshzz\calibration_batches\aut-dromo-jos-carlos-pace--lmp2-elms-40c70a4dd3\calibration_dataset.json
Session leakage check: PASS
Matcher status: NO THRESHOLDS / NO SCORE / NO AUTOMATIC MATCHING

--- STDERR ---

--- RETURN CODE ---
0
